@Test public void should_fail_when_mock_had_more_interactions_than_expected(){
  mock.booleanObjectReturningMethod();
  mock.byteObjectReturningMethod();
  then(mock).should().booleanObjectReturningMethod();
  try {
    then(mock).shouldHaveNoMoreInteractions();
    fail("should have reported that no more interactions were wanted");
  }
 catch (  NoInteractionsWanted expected) {
  }
}
